2026-03-03 14:24:52: [2026-03-03T05:24:52.591Z] Seed reactions cron started
2026-03-03 14:25:24: [2026-03-03T05:25:24.631Z] Seed reactions cron started
2026-03-03 14:25:24: Found 6 unseeded articles
2026-03-03 14:25:24: Seeded 6 articles. Tone: {"celebration":1,"default":4,"excitement":1}
2026-03-03 14:25:24:   [448] test
2026-03-03 14:25:24:   [207] test
2026-03-03 14:25:24:   [341] Ju Ji Hoon Transforms Into A Prosecutor Who Will Do Any
2026-03-03 18:00:00: [2026-03-03T09:00:00.456Z] Seed reactions cron started
2026-03-03 18:00:00: No unseeded articles found. Done.
2026-03-04 18:00:00: [2026-03-04T09:00:00.526Z] Seed reactions cron started
2026-03-04 18:00:00: No unseeded articles found. Done.
2026-03-05 00:00:01: [2026-03-04T15:00:01.515Z] Seed reactions cron started
2026-03-05 00:00:01: No unseeded articles found. Done.
2026-03-05 06:00:00: [2026-03-04T21:00:00.555Z] Seed reactions cron started
2026-03-05 06:00:00: No unseeded articles found. Done.
2026-03-05 12:00:00: [2026-03-05T03:00:00.617Z] Seed reactions cron started
2026-03-05 12:00:00: No unseeded articles found. Done.
2026-03-05 18:00:00: [2026-03-05T09:00:00.524Z] Seed reactions cron started
2026-03-05 18:00:00: No unseeded articles found. Done.
2026-03-06 00:02:03: [2026-03-05T15:02:03.761Z] Seed reactions cron started
2026-03-06 00:02:03: No unseeded articles found. Done.
2026-03-06 06:00:02: [2026-03-05T21:00:02.007Z] Seed reactions cron started
2026-03-06 06:00:02: No unseeded articles found. Done.
2026-03-06 12:00:00: [2026-03-06T03:00:00.529Z] Seed reactions cron started
2026-03-06 12:00:00: [2026-03-06T03:00:00.529Z] Seed reactions cron started
2026-03-06 12:00:00: No unseeded articles found. Done.
2026-03-06 12:00:00: No unseeded articles found. Done.
2026-03-06 18:00:00: [2026-03-06T09:00:00.660Z] Seed reactions cron started
2026-03-06 18:00:00: No unseeded articles found. Done.
2026-03-25 18:00:00: [2026-03-25T09:00:00.951Z] Seed reactions cron started
2026-03-25 18:00:01: Found 500 unseeded articles
2026-03-25 18:00:01: Seeded 500 articles. Tone: {"default":123,"excitement":207,"celebration":91,"sad":12,"heartwarming":47,"surprise":20}
2026-03-25 18:00:01:   [278] AHOF In Talks To Extend Contracts With Agency
2026-03-25 18:00:01:   [275] "Inkigayo ON THE GO" Announces First Lineup Of Artists
2026-03-25 18:00:01:   [460] "The King's Warden" Becomes Third Ever Korean Film To S
2026-03-26 00:00:00: [2026-03-25T15:00:00.742Z] Seed reactions cron started
2026-03-26 00:00:00: No unseeded articles found. Done.
2026-03-26 06:01:06: [2026-03-25T21:01:06.728Z] Seed reactions cron started
2026-03-26 06:01:06: No unseeded articles found. Done.
2026-03-26 12:01:14: [2026-03-26T03:01:14.272Z] Seed reactions cron started
2026-03-26 12:01:14: No unseeded articles found. Done.
2026-03-26 18:01:09: [2026-03-26T09:01:09.291Z] Seed reactions cron started
2026-03-26 18:01:09: No unseeded articles found. Done.
2026-03-27 00:02:45: [2026-03-26T15:02:45.700Z] Seed reactions cron started
2026-03-27 00:02:45: No unseeded articles found. Done.
2026-03-27 06:00:00: [2026-03-26T21:00:00.597Z] Seed reactions cron started
2026-03-27 06:00:00: No unseeded articles found. Done.
2026-03-27 12:03:42: [2026-03-27T03:03:42.407Z] Seed reactions cron started
2026-03-27 12:03:42: No unseeded articles found. Done.
2026-03-27 18:00:00: [2026-03-27T09:00:00.672Z] Seed reactions cron started
2026-03-27 18:00:00: No unseeded articles found. Done.
2026-03-28 00:02:25: [2026-03-27T15:02:25.747Z] Seed reactions cron started
2026-03-28 00:02:25: No unseeded articles found. Done.
2026-03-28 06:01:01: [2026-03-27T21:01:01.315Z] Seed reactions cron started
2026-03-28 06:01:01: No unseeded articles found. Done.
2026-03-28 12:05:04: [2026-03-28T03:05:04.286Z] Seed reactions cron started
2026-03-28 12:05:04: No unseeded articles found. Done.
2026-03-28 18:08:14: [2026-03-28T09:08:14.487Z] Seed reactions cron started
2026-03-28 18:08:14: No unseeded articles found. Done.
2026-03-29 00:06:29: [2026-03-28T15:06:29.160Z] Seed reactions cron started
2026-03-29 00:06:29: No unseeded articles found. Done.
2026-03-29 06:01:05: [2026-03-28T21:01:05.625Z] Seed reactions cron started
2026-03-29 06:01:05: No unseeded articles found. Done.
2026-03-29 12:02:08: [2026-03-29T03:02:08.575Z] Seed reactions cron started
2026-03-29 12:02:08: No unseeded articles found. Done.
2026-03-29 18:08:23: [2026-03-29T09:08:23.656Z] Seed reactions cron started
2026-03-29 18:08:23: No unseeded articles found. Done.
2026-03-30 00:03:19: [2026-03-29T15:03:19.967Z] Seed reactions cron started
2026-03-30 00:03:20: No unseeded articles found. Done.
2026-03-30 06:01:00: [2026-03-29T21:01:00.147Z] Seed reactions cron started
2026-03-30 06:01:00: No unseeded articles found. Done.
2026-03-30 12:00:00: [2026-03-30T03:00:00.337Z] Seed reactions cron started
2026-03-30 12:00:00: No unseeded articles found. Done.
2026-03-30 18:00:00: [2026-03-30T09:00:00.525Z] Seed reactions cron started
2026-03-30 18:00:00: No unseeded articles found. Done.
2026-03-31 00:10:17: [2026-03-30T15:10:17.736Z] Seed reactions cron started
2026-03-31 00:10:17: No unseeded articles found. Done.
2026-03-31 06:00:17: [2026-03-30T21:00:17.025Z] Seed reactions cron started
2026-03-31 06:00:17: No unseeded articles found. Done.
2026-03-31 12:04:17: [2026-03-31T03:04:17.083Z] Seed reactions cron started
2026-03-31 12:04:17: No unseeded articles found. Done.
2026-03-31 18:10:14: [2026-03-31T09:10:14.871Z] Seed reactions cron started
2026-03-31 18:10:14: No unseeded articles found. Done.
2026-04-01 00:03:35: [2026-03-31T15:03:35.296Z] Seed reactions cron started
2026-04-01 00:03:35: No unseeded articles found. Done.
2026-04-01 06:01:04: [2026-03-31T21:01:04.760Z] Seed reactions cron started
2026-04-01 06:01:04: No unseeded articles found. Done.
2026-04-01 12:00:00: [2026-04-01T03:00:00.571Z] Seed reactions cron started
2026-04-01 12:00:00: No unseeded articles found. Done.
2026-04-01 18:00:05: [2026-04-01T09:00:05.813Z] Seed reactions cron started
2026-04-01 18:00:05: No unseeded articles found. Done.
2026-04-02 00:08:52: [2026-04-01T15:08:52.245Z] Seed reactions cron started
2026-04-02 00:08:52: No unseeded articles found. Done.
2026-04-02 06:00:00: [2026-04-01T21:00:00.535Z] Seed reactions cron started
2026-04-02 06:00:00: No unseeded articles found. Done.
2026-04-02 12:06:43: [2026-04-02T03:06:43.528Z] Seed reactions cron started
2026-04-02 12:06:43: No unseeded articles found. Done.
2026-04-02 18:00:13: [2026-04-02T09:00:13.844Z] Seed reactions cron started
2026-04-02 18:00:13: No unseeded articles found. Done.
2026-04-03 00:05:52: [2026-04-02T15:05:52.844Z] Seed reactions cron started
2026-04-03 00:05:52: No unseeded articles found. Done.
2026-04-03 06:01:06: [2026-04-02T21:01:06.224Z] Seed reactions cron started
2026-04-03 06:01:06: No unseeded articles found. Done.
2026-04-03 12:09:28: [2026-04-03T03:09:28.899Z] Seed reactions cron started
2026-04-03 12:09:28: No unseeded articles found. Done.
